// Jest Snapshot v1, https://goo.gl/fbAQLP

exports[`SignUpForm snapshot matches 1`] = `
<DocumentFragment>
  <div
    class="mb-5"
  >
    <div
      class="flex justify-center"
    >
      <div
        class="flex justify-center p-10"
      >
        <img
          alt="Logo"
          data-nimg="1"
          decoding="async"
          height="20"
          loading="lazy"
          src="/logo/logo.svg"
          style="color: transparent;"
          width="230"
        />
      </div>
    </div>
    <h2
      class="text-center text-nowrap text-2xl md:text-3xl font-extrabold text-gray-700"
    >
      Create an account
    </h2>
    <p
      class="mt-2 text-center text-sm md:text-lg text-gray-500"
    >
      Already have an account?  
      <a
        class="font-medium text-pri hover:underline"
        href="/login"
      >
        Login Now
      </a>
    </p>
  </div>
  <form
    class="m-5 lg:mb-5 lg:px-40 lg:pb-2 lg:pt-6 "
  >
    <div
      class="flex justify-between"
    >
      <label
        class="text-md text-black-700 mb-2 block font-bold sm:text-base md:text-sm"
        for="email"
      >
        Email 
        <span
          class="text-pri"
        >
          *
        </span>
      </label>
    </div>
    <div
      class="mb-7"
    >
      <label
        class="hidden"
        for="email"
      >
        Email
      </label>
      <input
        class="shadow rounded-md appearance-none relative block w-full px-3 py-2 border placeholder-gray-400 text-gray-900 focus:outline-none focus:ring-pri focus:border-pri focus:z-10 sm:text-sm "
        data-testid="email"
        name="email"
        placeholder="Enter email address"
        type="email"
      />
    </div>
    <div
      class="flex justify-between"
    >
      <label
        class="text-md text-black-700 mb-2 block font-bold sm:text-base md:text-sm"
        for="password"
      >
        Password 
        <span
          class="text-pri"
        >
          *
        </span>
      </label>
    </div>
    <div
      class="mb-7"
    >
      <label
        class="hidden"
        for="password"
      >
        Password
      </label>
      <input
        class="shadow rounded-md appearance-none relative block w-full px-3 py-2 border placeholder-gray-400 text-gray-900 focus:outline-none focus:ring-pri focus:border-pri focus:z-10 sm:text-sm "
        data-testid="password"
        name="password"
        placeholder="Enter password"
        type="password"
      />
    </div>
    <div
      class="flex justify-between"
    >
      <label
        class="text-md text-black-700 mb-2 block font-bold sm:text-base md:text-sm"
        for="confirm"
      >
        Confirm Password 
        <span
          class="text-pri"
        >
          *
        </span>
      </label>
    </div>
    <div
      class="mb-7"
    >
      <label
        class="hidden"
        for="confirm"
      >
        Confirm Password
      </label>
      <input
        class="shadow rounded-md appearance-none relative block w-full px-3 py-2 border placeholder-gray-400 text-gray-900 focus:outline-none focus:ring-pri focus:border-pri focus:z-10 sm:text-sm "
        data-testid="confirm"
        name="confirm"
        placeholder="Confirm password"
        type="password"
      />
    </div>
    <div
      class="mx-3 px-5 py-1"
    >
      <button
        class="rounded-md w-full group relative flex justify-center border border-transparent text-sm font-medium py-2 px-4 mt-9 text-white bg-pri hover:bg-slate-400 shadow transition ease-in-out duration-300 delay-50 hover:-translate-y-1 hover:scale-110"
        data-testid="Create Account"
        type="submit"
      >
        <div
          class="flex flex-row items-center gap-1 overflow-hidden text-ellipsis whitespace-nowrap"
        >
          Create Account
        </div>
      </button>
    </div>
  </form>
</DocumentFragment>
`;
