// Jest Snapshot v1, https://goo.gl/fbAQLP

exports[`LoginForm snapshot matches 1`] = `
<DocumentFragment>
  <div
    class="mb-5"
  >
    <div
      class="flex justify-center"
    >
      <div
        class="flex justify-center p-10"
      >
        <img
          alt="Logo"
          data-nimg="1"
          decoding="async"
          height="20"
          loading="lazy"
          src="/logo/logo.svg"
          style="color: transparent;"
          width="230"
        />
      </div>
    </div>
    <h2
      class="text-center text-nowrap text-2xl md:text-3xl font-extrabold text-gray-700"
    >
      Login to your account
    </h2>
    <p
      class="mt-2 text-center text-sm md:text-lg text-gray-500"
    >
      Don't have an account yet?  
      <a
        class="font-medium text-pri hover:underline"
        href="/register"
      >
        Sign up now
      </a>
    </p>
  </div>
  <form
    class="m-5 lg:mb-5 lg:px-32 lg:pb-2 lg:pt-6 "
  >
    <div
      class="flex justify-between"
    >
      <label
        class="text-md text-black-700 mb-2 block font-bold sm:text-base md:text-sm"
        for="email"
      >
        Email 
      </label>
    </div>
    <div
      class="mb-7"
    >
      <label
        class="hidden"
        for="email"
      >
        Email
      </label>
      <input
        class="shadow rounded-md appearance-none relative block w-full px-3 py-2 border placeholder-gray-400 text-gray-900 focus:outline-none focus:ring-pri focus:border-pri focus:z-10 sm:text-sm "
        data-testid="email"
        name="email"
        placeholder="e.g. bean@chillin.com"
        type="email"
      />
    </div>
    <div
      class="flex justify-between"
    >
      <label
        class="text-md text-black-700 mb-2 block font-bold sm:text-base md:text-sm"
        for="password"
      >
        Password 
      </label>
    </div>
    <div
      class="mb-7"
    >
      <label
        class="hidden"
        for="password"
      >
        Password
      </label>
      <input
        class="shadow rounded-md appearance-none relative block w-full px-3 py-2 border placeholder-gray-400 text-gray-900 focus:outline-none focus:ring-pri focus:border-pri focus:z-10 sm:text-sm "
        data-testid="password"
        name="password"
        placeholder="••••••••"
        type="password"
      />
    </div>
    <div
      class="-mt-5 flex justify-end text-sm sm:text-xs"
    >
      <a
        class="font-medium text-pri hover:underline sm:text-base md:text-sm lg:text-sm "
        href="/forget-password"
      >
        Forgot your Password?
      </a>
    </div>
    <div
      class="mx-3 my-3 px-5 min-w-1/2"
    >
      <button
        class="rounded-md w-full group relative flex justify-center border border-transparent text-sm font-medium py-2 px-4 mt-9 text-white bg-pri shadow-md hover:bg-slate-400 transition ease-in-out duration-300 delay-50 hover:-translate-y-1 hover:scale-110"
        data-testid="Sign In"
        type="submit"
      >
        <div
          class="flex flex-row items-center gap-1 overflow-hidden text-ellipsis whitespace-nowrap"
        >
          Sign In
        </div>
      </button>
    </div>
    <div
      class="relative my-8 flex items-center"
    >
      <div
        class="flex-grow border-t border-pri"
      />
      <span
        class="mx-4 text-pri"
      >
        or
      </span>
      <div
        class="flex-grow border-t border-pri"
      />
    </div>
  </form>
  <div
    class="lg:-pt-6 m-5 lg:-mt-10 lg:mb-4 lg:px-32 lg:pb-8"
  >
    <div
      class="-py-2 mx-3 px-5"
    >
      <button
        class="rounded-md w-full group relative flex justify-center border border-transparent text-sm font-medium py-2 px-4 mt-9 bg-white hover:bg-gray-300 delay-50 gap-2 shadow-md transition ease-in-out duration-300 hover:-translate-y-1 hover:scale-110"
        data-testid="Sign In with Google"
      >
        <img
          alt="Google"
          data-nimg="1"
          decoding="async"
          height="20"
          loading="lazy"
          src="/_next/image?url=%2Fmisc%2FGoogle.png&w=48&q=75"
          srcset="/_next/image?url=%2Fmisc%2FGoogle.png&w=32&q=75 1x, /_next/image?url=%2Fmisc%2FGoogle.png&w=48&q=75 2x"
          style="color: transparent;"
          width="20"
        />
        <div
          class="flex flex-row items-center gap-1 overflow-hidden text-ellipsis whitespace-nowrap"
        >
          Sign In with Google
        </div>
      </button>
    </div>
  </div>
</DocumentFragment>
`;
